[2025-12-17 12:58:49] [login_check.php] Failed login attempt - User not found: Joshua
[2025-12-17 12:58:59] [login_check.php] Failed login attempt for user: admin - Incorrect password
[2025-12-18 10:34:21] [login_check.php] User 'admin' logged in successfully
[2025-12-18 10:46:01] [login_check.php] Failed login attempt for user: admin - Incorrect password
[2025-12-18 10:46:32] [login_check.php] User 'John Doe' logged in successfully
[2025-12-18 10:47:39] [login_check.php] User 'John Doe' logged in successfully
[2025-12-18 10:58:23] [logout.php] User 'John Doe' logged out
[2025-12-18 10:58:54] [login_check.php] User 'admin' logged in successfully
[2025-12-18 10:59:05] [logout.php] User 'admin' logged out
[2025-12-18 11:05:00] [login_check.php] User 'admin' logged in successfully
[2025-12-18 11:18:30] [login_check.php] User 'admin' logged in successfully
[2025-12-18 11:19:37] [login_check.php] User 'admin' logged in successfully
[2025-12-18 11:19:52] [login_check.php] User 'admin' logged in successfully
[2025-12-18 11:21:06] [login_check.php] User 'admin' logged in successfully
[2025-12-18 11:21:14] [logout.php] User 'admin' logged out
[2025-12-18 11:22:22] [login_check.php] User 'admin' logged in successfully
[2025-12-18 12:03:35] [logout.php] User 'admin' logged out
[2025-12-18 12:04:05] [login_check.php] User 'admin' logged in successfully
[2025-12-18 12:11:26] [logout.php] User 'admin' logged out
[2025-12-18 12:12:01] [login_check.php] User 'admin' logged in successfully
[2025-12-18 12:57:52] [logout.php] User 'admin' logged out
[2025-12-18 12:58:40] [login_check.php] User 'admin' logged in successfully
[2025-12-18 13:24:03] [logout.php] User 'admin' logged out
[2025-12-18 13:24:11] [login_check.php] User 'John Doe' logged in successfully
[2025-12-18 13:26:11] [logout.php] User 'John Doe' logged out
[2025-12-18 13:26:18] [login_check.php] Failed login attempt for user: admin - Incorrect password
[2025-12-18 13:26:27] [login_check.php] User 'admin' logged in successfully
[2025-12-19 13:09:41] [login_check.php] User 'admin' logged in successfully
[2025-12-19 13:20:00] [logout.php] User 'admin' logged out
[2025-12-19 13:20:19] [login_check.php] User 'John Doe' logged in successfully
[2025-12-19 13:20:29] [logout.php] User 'John Doe' logged out
[2025-12-19 13:20:54] [login_check.php] User 'admin' logged in successfully
[2025-12-19 13:34:02] [logout.php] User 'admin' logged out
[2025-12-19 13:36:20] [login_check.php] User 'admin' logged in successfully
[2025-12-19 13:37:01] [logout.php] User 'admin' logged out
[2025-12-19 13:38:50] [login_check.php] User 'admin' logged in successfully
[2025-12-19 13:39:51] [logout.php] User 'admin' logged out
